C51 COMPILER V9.01   DS18B20                                                               04/07/2017 11:35:03 PAGE 1   


C51 COMPILER V9.01, COMPILATION OF MODULE DS18B20
OBJECT MODULE PLACED IN ds18B20.OBJ
COMPILER INVOKED BY: E:\keil4-C51\C51\BIN\C51.EXE ds18B20.c BROWSE DEBUG OBJECTEXTEND

line level    source

   1          #include <config.h>
   2          #include <onewire.h>
   3          #include <ds18b20.h>
   4          
   5          
   6          uchar Get_Temp(void)
   7          {
   8   1              uchar TH, TL, temp;
   9   1              Init_DS18B20();
  10   1              Write_DS18B20(OW_SKIP_ROM);
  11   1              Write_DS18B20(DS18B20_CONVERT);
  12   1              Delay_OneWire(200);
  13   1              
  14   1              Init_DS18B20();
  15   1              Write_DS18B20(OW_SKIP_ROM);
  16   1              Write_DS18B20(DS18B20_READ);
  17   1              TL = Read_DS18B20();
  18   1              TH = Read_DS18B20();
  19   1              temp = TH << 4;
  20   1              temp |= (TL >> 4);
  21   1      
  22   1              return temp;
  23   1      }


MODULE INFORMATION:   STATIC OVERLAYABLE
   CODE SIZE        =     54    ----
   CONSTANT SIZE    =   ----    ----
   XDATA SIZE       =   ----    ----
   PDATA SIZE       =   ----    ----
   DATA SIZE        =   ----       1
   IDATA SIZE       =   ----    ----
   BIT SIZE         =   ----    ----
END OF MODULE INFORMATION.


C51 COMPILATION COMPLETE.  0 WARNING(S),  0 ERROR(S)
