C51 COMPILER V9.01   KEY                                                                   04/07/2017 11:35:02 PAGE 1   


C51 COMPILER V9.01, COMPILATION OF MODULE KEY
OBJECT MODULE PLACED IN key.OBJ
COMPILER INVOKED BY: E:\keil4-C51\C51\BIN\C51.EXE key.c BROWSE DEBUG OBJECTEXTEND

line level    source

   1          #include <config.h>
   2          #include <key.h>
   3          #include <display.h>
   4          
   5          uchar keyPress = 0;
   6          bit key_re;
   7          uchar keyValue = 0;
   8          
   9          uchar KeyBuffer[5];
  10          uchar KeySub = 0;
  11          uchar KeyTimeCnt = 10;
  12          uchar KeyTemp = 0xff;
  13          
  14          uchar GetKey(){
  15   1              uchar date;
  16   1              if(KeySub == 0){
  17   2                      return 0xff;
  18   2              }else{
  19   2                      KeySub--;
  20   2                      date = KeyBuffer[KeySub];
  21   2                      return date; 
  22   2              }       
  23   1      }
  24          
  25          uchar TextKey(){
  26   1              if(KeySub == 0)
  27   1                      return 0;
  28   1              else
  29   1                      return 1;
  30   1      }
  31          
  32          //4x4键盘
  33          /*
  34          uchar read_keyboard(void)
  35          {
  36              static unsigned char col;
  37              
  38                  P3 = 0xf0; P42 = 1; P44 = 1;
  39          
  40              if((P3 != 0xf0)||(P42 == 0)||(P44 == 0)) //有按键按下
  41                  keyPress++;
  42                  else
  43                          keyPress = 0;  //抖动
  44              
  45              if(keyPress == 3)
  46              {
  47                          keyPress = 0;
  48                          key_re = 1;
  49                          
  50                          if(P44 == 0)                    col = 1;
  51                          if(P42 == 0)                    col = 2;
  52                          if((P3 & 0x20) == 0)    col = 3;
  53                          if((P3 & 0x10) == 0)    col = 4;
  54                  
  55                  P3 = 0x0F; P42 = 0; P44 = 0;
C51 COMPILER V9.01   KEY                                                                   04/07/2017 11:35:02 PAGE 2   

  56          
  57                          if((P3&0x01) == 0)      keyValue = (col-1);
  58                          if((P3&0x02) == 0)      keyValue = (col+3);
  59                          if((P3&0x04) == 0)      keyValue = (col+7);
  60                          if((P3&0x08) == 0)      keyValue = (col+11);
  61              }
  62              
  63                  //连续三次检测到按键被按下，并且该按键已经释放
  64                  P3 = 0x0f; P42 = 0; P44 = 0;
  65                  
  66              if(((key_re == 1) && (P3 == 0x0f))&&(P42 == 0)&&(P44 == 0))
  67              {
  68                  key_re = 0;
  69                  return keyValue;
  70              }
  71              
  72              return 0xff;  //无按键按下或被按下的按键未被释放 
  73          }
  74          **/
  75          
  76          //独立按键 
  77          /*
  78          uchar read_keyboard(void)
  79          {
  80                  if(!key_re)
  81                  {
  82                          if(P30 == 0 || P31 == 0 || P32 == 0 || P33 == 0){
  83                                  keyPress++;
  84                          }else{
  85                                  keyPress = 0;
  86                          }
  87                          if(keyPress == 3){
  88                                  keyPress = 0;
  89                                  key_re = 1;
  90                                  
  91                                  if(P30 == 0)    keyValue = 1;
  92                                  if(P31 == 0)    keyValue = 2;
  93                                  if(P32 == 0)    keyValue = 3;
  94                                  if(P33 == 0)    keyValue = 4;                   
  95                          }
  96              }
  97                  else if(key_re == 1 &&  (P3 & 0x0f) == 0x0f)
  98              {
  99                  key_re = 0;
 100                  return keyValue;
 101              }
 102          
 103                  return 0xff;
 104          }
 105          */
 106          
 107          //3*4矩阵键盘
 108          uchar read_keyboard(void)
 109          {
 110   1          static unsigned char col;
 111   1          
 112   1              P3 &= ~0x0f;
 113   1              P35 = 1;
 114   1              P42 = 1; 
 115   1              P44 = 1;
 116   1      
 117   1          if((P35 == 0)||(P42 == 0)||(P44 == 0)) //有按键按下
C51 COMPILER V9.01   KEY                                                                   04/07/2017 11:35:02 PAGE 3   

 118   1              keyPress++;
 119   1              else
 120   1                      keyPress = 0;  //抖动
 121   1          
 122   1          if(keyPress == 3)
 123   1          {
 124   2                      keyPress = 0;
 125   2                      key_re = 1;
 126   2                      
 127   2                      if(P44 == 0)                    col = 1;
 128   2                      if(P42 == 0)                    col = 2;
 129   2                      if(P35 == 0)                    col = 3;
 130   2      //              if(P34 == 0)                    col = 4;
 131   2              
 132   2              P3 = P3|0x0f; P35 = 0; P42 = 0; P44 = 0;
 133   2      
 134   2      
 135   2                      if(P30 == 0)    keyValue = (col-1);
 136   2                      if(P31 == 0)    keyValue = (col+3);
 137   2                      if(P32 == 0)    keyValue = (col+7);
 138   2                      if(P33 == 0)    keyValue = (col+11);
 139   2          }
 140   1          
 141   1              //连续三次检测到按键被按下，并且该按键已经释放
 142   1              P3 |= 0x0f; P35 = 0; P42 = 0; P44 = 0;
 143   1      
 144   1                      
 145   1          if((key_re == 1) && (P35 == 0)&&(P42 == 0)&&(P44 == 0))
 146   1          {
 147   2              key_re = 0;
 148   2              return keyValue;
 149   2          }
 150   1          
 151   1          return 0xff;  //无按键按下或被按下的按键未被释放 
 152   1      }
 153          
 154          
 155          void KeyScan(){
 156   1              KeyTimeCnt--;
 157   1              if(KeyTimeCnt == 0){
 158   2                      KeyTimeCnt = 10;
 159   2                      KeyTemp = read_keyboard();
 160   2                      if(KeyTemp != 0xff){
 161   3                              KeyBuffer[KeySub] = KeyTemp;
 162   3                              KeySub++;                       
 163   3                      }
 164   2              }
 165   1      }


MODULE INFORMATION:   STATIC OVERLAYABLE
   CODE SIZE        =    178    ----
   CONSTANT SIZE    =   ----    ----
   XDATA SIZE       =   ----    ----
   PDATA SIZE       =   ----    ----
   DATA SIZE        =     11    ----
   IDATA SIZE       =   ----    ----
   BIT SIZE         =      1    ----
END OF MODULE INFORMATION.


C51 COMPILATION COMPLETE.  0 WARNING(S),  0 ERROR(S)
