C51 COMPILER V9.01   MAIN                                                                  04/07/2017 11:35:01 PAGE 1   


C51 COMPILER V9.01, COMPILATION OF MODULE MAIN
OBJECT MODULE PLACED IN main.OBJ
COMPILER INVOKED BY: E:\keil4-C51\C51\BIN\C51.EXE main.c BROWSE DEBUG OBJECTEXTEND

line level    source

   1          #include <config.h>
   2          #include <init.h>
   3          #include <exti.h>
   4          #include <display.h>
   5          #include <key.h>
   6          #include <at24c02.h>
   7          #include <ds18b20.h>
   8          #include <time.h>
   9          #include <frecounter.h>
  10                                                                                   
  11          uint temp;
  12          uchar temp1;
  13          
  14          void main(){
  15   1              gpio();                                 //初始化针脚
  16   1              P0 = 0xff;setY4;
  17   1              P0 = 0x00;setY5;
  18   1              Timer0Init();                   //初始化计数器0 用于计数
  19   1              FreCntInit();
  20   1              EA = 1;
  21   1              ET0 = 1;
  22   1              dspbuf[1] = EEPROM_Read(0x00);
  23   1              set_rtc();
  24   1              OpenFreCnt();
  25   1              while(1){
  26   2                      if(TextKey()){
  27   3                               temp1 = GetKey();
  28   3                               dspbuf[0] = temp1;
  29   3                               EEPROM_Write(0x00, temp1);
  30   3                      }
  31   2      
  32   2      
  33   2                      if(SoftTimer1Cnt == 0) SoftTimer1Cnt = 500;
  34   2                      if(_testbit_(SoftTimer1Over))
  35   2      
  36   2                      {
  37   3                              read_rtc();
  38   3                              dspbuf[2] = time_data[5]/10%10;
  39   3                              dspbuf[3] = time_data[5]%10;
  40   3                      }
  41   2      
  42   2                      temp = getFreCntValue();                
  43   2                      dspbuf[4] = temp /1000 %10;
  44   2                      dspbuf[5] = temp /100 %10; 
  45   2                      dspbuf[6] = temp /10 %10;
  46   2                      dspbuf[7] = temp %10;
  47   2              }
  48   1      }
  49          


MODULE INFORMATION:   STATIC OVERLAYABLE
   CODE SIZE        =    226    ----
   CONSTANT SIZE    =   ----    ----
   XDATA SIZE       =   ----    ----
C51 COMPILER V9.01   MAIN                                                                  04/07/2017 11:35:01 PAGE 2   

   PDATA SIZE       =   ----    ----
   DATA SIZE        =      3    ----
   IDATA SIZE       =   ----    ----
   BIT SIZE         =   ----    ----
END OF MODULE INFORMATION.


C51 COMPILATION COMPLETE.  0 WARNING(S),  0 ERROR(S)
