C51 COMPILER V9.00   TEXT                                                                  06/22/2017 19:14:58 PAGE 1   


C51 COMPILER V9.00, COMPILATION OF MODULE TEXT
OBJECT MODULE PLACED IN text.OBJ
COMPILER INVOKED BY: D:\keil4\C51\BIN\C51.EXE text.c BROWSE DEBUG OBJECTEXTEND

line level    source

   1          #include <config.h>
   2          #include <usart.h>
   3          
   4          void main(){
   5   1              UartInit();
   6   1              ES = 1;                 //打开串口终端
   7   1              EA = 1;                 //打开总终端
   8   1              strcpy(up, "QTAT");                //设定识别码前缀内容
   9   1              upLoog = 4;                                //设定识别码前缀长度
  10   1              strcpy(down, "QQQ");               //设定识别码后缀内容
  11   1              downLoog = 3;                              //设定识别码后缀长度
  12   1              while(1){
  13   2                      if(New_rec == 1){
  14   3                              New_rec = 0;
  15   3                              SendString(ustData);
  16   3                      }
  17   2              }
  18   1      }


MODULE INFORMATION:   STATIC OVERLAYABLE
   CODE SIZE        =     59    ----
   CONSTANT SIZE    =      9    ----
   XDATA SIZE       =   ----    ----
   PDATA SIZE       =   ----    ----
   DATA SIZE        =   ----    ----
   IDATA SIZE       =   ----    ----
   BIT SIZE         =   ----    ----
END OF MODULE INFORMATION.


C51 COMPILATION COMPLETE.  0 WARNING(S),  0 ERROR(S)
