C51 COMPILER V9.00   USART                                                                 06/22/2017 19:14:58 PAGE 1   


C51 COMPILER V9.00, COMPILATION OF MODULE USART
OBJECT MODULE PLACED IN usart.OBJ
COMPILER INVOKED BY: D:\keil4\C51\BIN\C51.EXE usart.c BROWSE DEBUG OBJECTEXTEND

line level    source

   1          #include <stc15_usart.h>
   2          
   3          bit Send_ed = 1;                                //发送数据结束标志位
   4          bit New_rec = 0;                                //收到数据标志位
   5          char xdata Rec_data[25] = {0};  //缓冲区
   6          char Rec_data_down = 0;                 //缓冲区下标
   7          char ustData[25] = {0};                 //数据
   8          char ustData_down = 0;                  //数据下标
   9          
  10          char ustStat = 0;                       //判断状态，0为识别码判断，1为接收状态，2为结束码判断
  11          char data up[10] = "AT";  //前缀
  12          char data upLoog = 2;     //前缀长度
  13          //后缀
  14          char down[10] = "QQQQQ"; //后缀
  15          char ustDataDownDown = 0;       //后缀识别下表
  16          char data downLoog = 3;   //后缀长度
  17          
  18          void SendString(char *s){
  19   1              while(*s){
  20   2                      if(SendData(*s) == 1){
  21   3                              s++;
  22   3                      }
  23   2              }
  24   1      }
  25          void revData(char a){
  26   1              Rec_data[Rec_data_down] = a;
  27   1              switch(ustStat){
  28   2                      case 0:
  29   2                              if(Rec_data_down < upLoog && Rec_data[Rec_data_down] == up[Rec_data_down]){
  30   3                                      Rec_data_down++;
  31   3                              }else{
  32   3                                      Rec_data_down = 0;      
  33   3                              }
  34   2                              if(Rec_data_down == upLoog){
  35   3                                      ustStat = 1;
  36   3                              }
  37   2                              break;
  38   2                      case 1:
  39   2                              //判断是不是后缀
  40   2                              if(Rec_data[Rec_data_down] == down[ustDataDownDown]){
  41   3                                      ustDataDownDown++;
  42   3                              }else{
  43   3                                      ustDataDownDown = 0;
  44   3                              }
  45   2                              if(ustDataDownDown == downLoog){        //确定是后识别码正确
  46   3                                      //清零缓冲区数据
  47   3                                      ustDataDownDown = 0;
  48   3                                      Rec_data_down = 0;
  49   3                                      ustStat = 0;
  50   3                                      New_rec = 1;
  51   3                                      //处理接受数据变量，去掉后面的识别码
  52   3                                      ustData[ustData_down-2] = '\0';
  53   3                                      //清零数据区数据
  54   3                                      ustData_down = 0;
  55   3                                      break;                          
C51 COMPILER V9.00   USART                                                                 06/22/2017 19:14:58 PAGE 2   

  56   3                              }
  57   2                              //将缓冲区的数据丢入数据区，并且下标进位
  58   2                              ustData[ustData_down] = Rec_data[Rec_data_down];
  59   2                              ustData_down++;
  60   2                              Rec_data_down++;
  61   2                              break;
  62   2              }
  63   1      }


MODULE INFORMATION:   STATIC OVERLAYABLE
   CODE SIZE        =    194    ----
   CONSTANT SIZE    =   ----    ----
   XDATA SIZE       =     25    ----
   PDATA SIZE       =   ----    ----
   DATA SIZE        =     51       3
   IDATA SIZE       =   ----    ----
   BIT SIZE         =      2    ----
END OF MODULE INFORMATION.


C51 COMPILATION COMPLETE.  0 WARNING(S),  0 ERROR(S)
